// Jest Snapshot v1, https://goo.gl/fbAQLP

exports[`App it rendres correctly 1`] = `ShallowWrapper {}`;
