// Jest Snapshot v1, https://goo.gl/fbAQLP

exports[`Wallter renders correctly 1`] = `Object {}`;
